
Discarded input sections

 .text          0x00000000        0x0 /var/folders/lq/f0xchxjj48v210srtw7fpv1w0000gn/T//ccUK9xUE.ltrans0.ltrans.o
 .data          0x00000000        0x0 /var/folders/lq/f0xchxjj48v210srtw7fpv1w0000gn/T//ccUK9xUE.ltrans0.ltrans.o
 .bss           0x00000000        0x0 /var/folders/lq/f0xchxjj48v210srtw7fpv1w0000gn/T//ccUK9xUE.ltrans0.ltrans.o
 .text.mini_pad
                0x00000000       0x8a /var/folders/lq/f0xchxjj48v210srtw7fpv1w0000gn/T//ccUK9xUE.ltrans0.ltrans.o
 .text._puts    0x00000000       0x42 /var/folders/lq/f0xchxjj48v210srtw7fpv1w0000gn/T//ccUK9xUE.ltrans0.ltrans.o
 .text.mini_itoa.part.0
                0x00000000       0x90 /var/folders/lq/f0xchxjj48v210srtw7fpv1w0000gn/T//ccUK9xUE.ltrans0.ltrans.o
 .text.internal_handle_input.constprop.0
                0x00000000        0xa /var/folders/lq/f0xchxjj48v210srtw7fpv1w0000gn/T//ccUK9xUE.ltrans0.ltrans.o
 .text._write.constprop.0
                0x00000000       0xf8 /var/folders/lq/f0xchxjj48v210srtw7fpv1w0000gn/T//ccUK9xUE.ltrans0.ltrans.o
 .text.__puts_uart
                0x00000000       0x1a /var/folders/lq/f0xchxjj48v210srtw7fpv1w0000gn/T//ccUK9xUE.ltrans0.ltrans.o
 .text.strlen   0x00000000       0x12 /var/folders/lq/f0xchxjj48v210srtw7fpv1w0000gn/T//ccUK9xUE.ltrans0.ltrans.o
 .text.mini_vpprintf
                0x00000000      0x1ea /var/folders/lq/f0xchxjj48v210srtw7fpv1w0000gn/T//ccUK9xUE.ltrans0.ltrans.o
 .text.printf   0x00000000       0x30 /var/folders/lq/f0xchxjj48v210srtw7fpv1w0000gn/T//ccUK9xUE.ltrans0.ltrans.o
 .text.vprintf  0x00000000       0x16 /var/folders/lq/f0xchxjj48v210srtw7fpv1w0000gn/T//ccUK9xUE.ltrans0.ltrans.o
 .text.mini_vsnprintf
                0x00000000       0x42 /var/folders/lq/f0xchxjj48v210srtw7fpv1w0000gn/T//ccUK9xUE.ltrans0.ltrans.o
 .text.snprintf
                0x00000000       0x20 /var/folders/lq/f0xchxjj48v210srtw7fpv1w0000gn/T//ccUK9xUE.ltrans0.ltrans.o
 .text.sprintf  0x00000000       0x2a /var/folders/lq/f0xchxjj48v210srtw7fpv1w0000gn/T//ccUK9xUE.ltrans0.ltrans.o
 .text.memset   0x00000000       0x12 /var/folders/lq/f0xchxjj48v210srtw7fpv1w0000gn/T//ccUK9xUE.ltrans0.ltrans.o
 .text.strcpy   0x00000000       0x14 /var/folders/lq/f0xchxjj48v210srtw7fpv1w0000gn/T//ccUK9xUE.ltrans0.ltrans.o
 .text.strncpy  0x00000000       0x1c /var/folders/lq/f0xchxjj48v210srtw7fpv1w0000gn/T//ccUK9xUE.ltrans0.ltrans.o
 .text.strcmp   0x00000000       0x1a /var/folders/lq/f0xchxjj48v210srtw7fpv1w0000gn/T//ccUK9xUE.ltrans0.ltrans.o
 .text.strncmp  0x00000000       0x2e /var/folders/lq/f0xchxjj48v210srtw7fpv1w0000gn/T//ccUK9xUE.ltrans0.ltrans.o
 .text.strchr   0x00000000       0x16 /var/folders/lq/f0xchxjj48v210srtw7fpv1w0000gn/T//ccUK9xUE.ltrans0.ltrans.o
 .text.strrchr  0x00000000       0x3c /var/folders/lq/f0xchxjj48v210srtw7fpv1w0000gn/T//ccUK9xUE.ltrans0.ltrans.o
 .text.memcpy   0x00000000       0x1c /var/folders/lq/f0xchxjj48v210srtw7fpv1w0000gn/T//ccUK9xUE.ltrans0.ltrans.o
 .text.memcmp   0x00000000       0x20 /var/folders/lq/f0xchxjj48v210srtw7fpv1w0000gn/T//ccUK9xUE.ltrans0.ltrans.o
 .text.memmove  0x00000000       0x5e /var/folders/lq/f0xchxjj48v210srtw7fpv1w0000gn/T//ccUK9xUE.ltrans0.ltrans.o
 .text.memchr   0x00000000       0x1a /var/folders/lq/f0xchxjj48v210srtw7fpv1w0000gn/T//ccUK9xUE.ltrans0.ltrans.o
 .text.strnlen  0x00000000       0x2a /var/folders/lq/f0xchxjj48v210srtw7fpv1w0000gn/T//ccUK9xUE.ltrans0.ltrans.o
 .text.twoway_strstr
                0x00000000      0x256 /var/folders/lq/f0xchxjj48v210srtw7fpv1w0000gn/T//ccUK9xUE.ltrans0.ltrans.o
 .text.strstr   0x00000000      0x118 /var/folders/lq/f0xchxjj48v210srtw7fpv1w0000gn/T//ccUK9xUE.ltrans0.ltrans.o
 .rodata.puts.str1.4
                0x00000000        0x2 /var/folders/lq/f0xchxjj48v210srtw7fpv1w0000gn/T//ccUK9xUE.ltrans0.ltrans.o
 .text.puts     0x00000000       0x40 /var/folders/lq/f0xchxjj48v210srtw7fpv1w0000gn/T//ccUK9xUE.ltrans0.ltrans.o
 .text.setjmp   0x00000000       0x38 /var/folders/lq/f0xchxjj48v210srtw7fpv1w0000gn/T//ccUK9xUE.ltrans0.ltrans.o
 .text.longjmp  0x00000000       0x3c /var/folders/lq/f0xchxjj48v210srtw7fpv1w0000gn/T//ccUK9xUE.ltrans0.ltrans.o
 .text.putchar  0x00000000       0x68 /var/folders/lq/f0xchxjj48v210srtw7fpv1w0000gn/T//ccUK9xUE.ltrans0.ltrans.o
 .comment       0x00000000       0x1a /var/folders/lq/f0xchxjj48v210srtw7fpv1w0000gn/T//ccUK9xUE.ltrans0.ltrans.o
 .note.GNU-stack
                0x00000000        0x0 /var/folders/lq/f0xchxjj48v210srtw7fpv1w0000gn/T//ccUK9xUE.ltrans0.ltrans.o
 .comment       0x00000000       0x1a /var/folders/lq/f0xchxjj48v210srtw7fpv1w0000gn/T//ccdbbnz1.debug.temp.o
 .note.GNU-stack
                0x00000000        0x0 /var/folders/lq/f0xchxjj48v210srtw7fpv1w0000gn/T//ccdbbnz1.debug.temp.o
 .comment       0x00000000       0x1a /var/folders/lq/f0xchxjj48v210srtw7fpv1w0000gn/T//ccHphJyL.debug.temp.o
 .note.GNU-stack
                0x00000000        0x0 /var/folders/lq/f0xchxjj48v210srtw7fpv1w0000gn/T//ccHphJyL.debug.temp.o

Memory Configuration

Name             Origin             Length             Attributes
FLASH            0x00000000         0x0000f800         xr
RAM              0x20000000         0x00005000         xrw
*default*        0x00000000         0xffffffff

Linker script and memory map

LOAD /var/folders/lq/f0xchxjj48v210srtw7fpv1w0000gn/T//ccoG8WLD.o
LOAD /var/folders/lq/f0xchxjj48v210srtw7fpv1w0000gn/T//ccUK9xUE.ltrans0.ltrans.o
LOAD /var/folders/lq/f0xchxjj48v210srtw7fpv1w0000gn/T//ccdbbnz1.debug.temp.o
LOAD /var/folders/lq/f0xchxjj48v210srtw7fpv1w0000gn/T//ccHphJyL.debug.temp.o
LOAD /var/folders/lq/f0xchxjj48v210srtw7fpv1w0000gn/T//ccAwK4Kj.o
LOAD /opt/homebrew/Cellar/riscv-gnu-toolchain/main/lib/gcc/riscv64-unknown-elf/14.2.0/rv32imac/ilp32/libgcc.a

.init           0x00000000       0xe0
                0x00000000                        _sinit = .
                0x00000000                        . = ALIGN (0x4)
 *(SORT_NONE(.init))
 .init          0x00000000       0xde /var/folders/lq/f0xchxjj48v210srtw7fpv1w0000gn/T//ccUK9xUE.ltrans0.ltrans.o
                0x00000000                InterruptVectorDefault
                0x00000000                InterruptVector
                0x000000e0                        . = ALIGN (0x4)
 *fill*         0x000000de        0x2 
                0x000000e0                        _einit = .

.text           0x000000e0      0x1a0
                0x000000e0                        . = ALIGN (0x4)
 *(.text)
 *(.text.*)
 .text.PrintHex
                0x000000e0       0x58 /var/folders/lq/f0xchxjj48v210srtw7fpv1w0000gn/T//ccUK9xUE.ltrans0.ltrans.o
 .text.handle_reset
                0x00000138       0x70 /var/folders/lq/f0xchxjj48v210srtw7fpv1w0000gn/T//ccUK9xUE.ltrans0.ltrans.o
                0x00000138                handle_reset
 .text.vector_handler
                0x000001a8       0x5a /var/folders/lq/f0xchxjj48v210srtw7fpv1w0000gn/T//ccUK9xUE.ltrans0.ltrans.o
                0x000001a8                DMA2_Channel3_IRQHandler
                0x000001a8                TIM8_TRG_COM_IRQHandler
                0x000001a8                TIM8_CC_IRQHandler
                0x000001a8                UART8_IRQHandler
                0x000001a8                TIM1_CC_IRQHandler
                0x000001a8                HardFault_Handler
                0x000001a8                GPIOB_IRQHandler
                0x000001a8                USBPD_IRQHandler
                0x000001a8                TIM6_IRQHandler
                0x000001a8                GPIOA_IRQHandler
                0x000001a8                SysTick_Handler
                0x000001a8                PVD_IRQHandler
                0x000001a8                SDIO_IRQHandler
                0x000001a8                TIM9_BRK_IRQHandler
                0x000001a8                DMA2_Channel8_IRQHandler
                0x000001a8                USBWakeUp_IRQHandler
                0x000001a8                EXTI2_IRQHandler
                0x000001a8                CAN2_RX1_IRQHandler
                0x000001a8                EXTI3_IRQHandler
                0x000001a8                UART1_IRQHandler
                0x000001a8                USBHS_IRQHandler
                0x000001a8                DMA2_Channel9_IRQHandler
                0x000001a8                TIM10_CC_IRQHandler
                0x000001a8                EXTI25_16_IRQHandler
                0x000001a8                USBFS_IRQHandler
                0x000001a8                UART0_IRQHandler
                0x000001a8                EXTI0_IRQHandler
                0x000001a8                I2C2_EV_IRQHandler
                0x000001a8                TIM10_TRG_COM_IRQHandler
                0x000001a8                CAN2_SCE_IRQHandler
                0x000001a8                ADC1_2_IRQHandler
                0x000001a8                BB_IRQHandler
                0x000001a8                Break_Point_Handler
                0x000001a8                TIM2_CC_IRQHandler
                0x000001a8                SPI1_IRQHandler
                0x000001a8                TAMPER_IRQHandler
                0x000001a8                TMR0_IRQHandler
                0x000001a8                AWU_IRQHandler
                0x000001a8                EXTI7_0_IRQHandler
                0x000001a8                CAN2_RX0_IRQHandler
                0x000001a8                OSCWakeUp_IRQHandler
                0x000001a8                TIM8_UP_IRQHandler
                0x000001a8                Ecall_M_Mode_Handler
                0x000001a8                DMA2_Channel2_IRQHandler
                0x000001a8                DMA1_Channel4_IRQHandler
                0x000001a8                ADC1_IRQHandler
                0x000001a8                TIM2_BRK_IRQHandler
                0x000001a8                TIM9_UP_IRQHandler
                0x000001a8                USART3_IRQHandler
                0x000001a8                RTC_IRQHandler
                0x000001a8                DMA1_Channel7_IRQHandler
                0x000001a8                CAN1_RX1_IRQHandler
                0x000001a8                DVP_IRQHandler
                0x000001a8                UART5_IRQHandler
                0x000001a8                EXTI15_8_IRQHandler
                0x000001a8                TIM4_IRQHandler
                0x000001a8                DMA2_Channel1_IRQHandler
                0x000001a8                USBPD_WKUP_IRQHandler
                0x000001a8                I2C1_EV_IRQHandler
                0x000001a8                UART2_IRQHandler
                0x000001a8                USART4_IRQHandler
                0x000001a8                PWMX_IRQHandler
                0x000001a8                DMA1_Channel6_IRQHandler
                0x000001a8                UART4_IRQHandler
                0x000001a8                DMA2_Channel4_IRQHandler
                0x000001a8                TIM3_IRQHandler
                0x000001a8                RCC_IRQHandler
                0x000001a8                TIM1_TRG_COM_IRQHandler
                0x000001a8                DMA1_Channel1_IRQHandler
                0x000001a8                DMA2_Channel7_IRQHandler
                0x000001a8                EXTI15_10_IRQHandler
                0x000001a8                ADC_IRQHandler
                0x000001a8                DMA1_Channel8_IRQHandler
                0x000001a8                TMR2_IRQHandler
                0x000001a8                DefaultIRQHandler
                0x000001a8                TIM7_IRQHandler
                0x000001a8                CAN2_TX_IRQHandler
                0x000001a8                TIM5_IRQHandler
                0x000001a8                USB_IRQHandler
                0x000001a8                EXTI9_5_IRQHandler
                0x000001a8                PIOC_IRQHandler
                0x000001a8                SPI2_IRQHandler
                0x000001a8                OSC32KCal_IRQHandler
                0x000001a8                I2C_IRQHandler
                0x000001a8                TIM10_BRK_IRQHandler
                0x000001a8                TIM9_CC_IRQHandler
                0x000001a8                DMA2_Channel5_IRQHandler
                0x000001a8                USB2_IRQHandler
                0x000001a8                USBHSWakeUp_IRQHandler
                0x000001a8                DMA1_Channel5_IRQHandler
                0x000001a8                EXTI4_IRQHandler
                0x000001a8                USB_LP_CAN1_RX0_IRQHandler
                0x000001a8                RNG_IRQHandler
                0x000001a8                USB_HP_CAN1_TX_IRQHandler
                0x000001a8                LLE_IRQHandler
                0x000001a8                DMA1_Channel3_IRQHandler
                0x000001a8                FSMC_IRQHandler
                0x000001a8                ETH_IRQHandler
                0x000001a8                TIM1_UP_IRQHandler
                0x000001a8                WWDG_IRQHandler
                0x000001a8                DMA2_Channel11_IRQHandler
                0x000001a8                WDOG_BAT_IRQHandler
                0x000001a8                Ecall_U_Mode_Handler
                0x000001a8                TMR3_IRQHandler
                0x000001a8                DMA2_Channel6_IRQHandler
                0x000001a8                TIM2_IRQHandler
                0x000001a8                SW_Handler
                0x000001a8                TIM1_BRK_IRQHandler
                0x000001a8                OPA_IRQHandler
                0x000001a8                DMA2_Channel10_IRQHandler
                0x000001a8                EXTI1_IRQHandler
                0x000001a8                SPI0_IRQHandler
                0x000001a8                RTCAlarm_IRQHandler
                0x000001a8                TIM10_UP_IRQHandler
                0x000001a8                TIM9_TRG_COM_IRQHandler
                0x000001a8                UART7_IRQHandler
                0x000001a8                USART2_IRQHandler
                0x000001a8                UART6_IRQHandler
                0x000001a8                ETHWakeUp_IRQHandler
                0x000001a8                I2C2_ER_IRQHandler
                0x000001a8                DMA1_Channel2_IRQHandler
                0x000001a8                TIM8_BRK_IRQHandler
                0x000001a8                TIM2_TRG_IRQHandler
                0x000001a8                CAN1_SCE_IRQHandler
                0x000001a8                FLASH_IRQHandler
                0x000001a8                USBFSWakeUp_IRQHandler
                0x000001a8                USART1_IRQHandler
                0x000001a8                OTG_FS_IRQHandler
                0x000001a8                SPI3_IRQHandler
                0x000001a8                USBFS_WakeUp_IRQHandler
                0x000001a8                UART3_IRQHandler
                0x000001a8                I2C1_ER_IRQHandler
                0x000001a8                TMR1_IRQHandler
                0x000001f4                NMI_Handler
                0x000001f4                NMI_RCC_CSS_IRQHandler
 .text.SystemInit
                0x00000202       0x32 /var/folders/lq/f0xchxjj48v210srtw7fpv1w0000gn/T//ccUK9xUE.ltrans0.ltrans.o
                0x00000202                SystemInit
 .text.startup.main
                0x00000234       0x4c /var/folders/lq/f0xchxjj48v210srtw7fpv1w0000gn/T//ccUK9xUE.ltrans0.ltrans.o
                0x00000234                main
 *(.rodata)
 *(.rodata*)
 *(.gnu.linkonce.t.*)
                0x00000280                        . = ALIGN (0x4)
 *fill*         0x00000280        0x0 

.rela.dyn       0x00000280        0x0
 .rela.text.handle_reset
                0x00000280        0x0 /var/folders/lq/f0xchxjj48v210srtw7fpv1w0000gn/T//ccUK9xUE.ltrans0.ltrans.o

.fini           0x00000280        0x0
 *(SORT_NONE(.fini))
                0x00000280                        . = ALIGN (0x4)
                [!provide]                        PROVIDE (_etext = .)
                [!provide]                        PROVIDE (_eitcm = .)

.preinit_array  0x00000280        0x0
                [!provide]                        PROVIDE (__preinit_array_start = .)
 *(.preinit_array)
                [!provide]                        PROVIDE (__preinit_array_end = .)

.init_array     0x00000280        0x0
                [!provide]                        PROVIDE (__init_array_start = .)
 *(SORT_BY_INIT_PRIORITY(.init_array.*) SORT_BY_INIT_PRIORITY(.ctors.*))
 *(.init_array EXCLUDE_FILE(*crtend?.o *crtend.o *crtbegin?.o *crtbegin.o) .ctors)
                [!provide]                        PROVIDE (__init_array_end = .)

.fini_array     0x00000280        0x0
                [!provide]                        PROVIDE (__fini_array_start = .)
 *(SORT_BY_INIT_PRIORITY(.fini_array.*) SORT_BY_INIT_PRIORITY(.dtors.*))
 *(.fini_array EXCLUDE_FILE(*crtend?.o *crtend.o *crtbegin?.o *crtbegin.o) .dtors)
                [!provide]                        PROVIDE (__fini_array_end = .)

.ctors
 *crtbegin.o(.ctors)
 *crtbegin?.o(.ctors)
 *(EXCLUDE_FILE(*crtend?.o *crtend.o) .ctors)
 *(SORT_BY_NAME(.ctors.*))
 *(.ctors)

.dtors
 *crtbegin.o(.dtors)
 *crtbegin?.o(.dtors)
 *(EXCLUDE_FILE(*crtend?.o *crtend.o) .dtors)
 *(SORT_BY_NAME(.dtors.*))
 *(.dtors)

.dalign         0x20000000        0x0 load address 0x00000280
                0x20000000                        . = ALIGN (0x4)
                0x20000000                        PROVIDE (_data_vma = .)

.dlalign        0x00000280        0x0
                0x00000280                        . = ALIGN (0x4)
                0x00000280                        PROVIDE (_data_lma = .)

.data           0x20000000        0x0 load address 0x00000280
                0x20000000                        . = ALIGN (0x4)
                0x200003fc                        __global_pointer$ = (. + 0x3fc)
 *(.gnu.linkonce.r.*)
 *(.data .data.*)
 *(.gnu.linkonce.d.*)
                0x20000000                        . = ALIGN (0x8)
 *(.sdata .sdata.*)
 *(.sdata2*)
 *(.gnu.linkonce.s.*)
                0x20000000                        . = ALIGN (0x8)
 *(.srodata.cst16)
 *(.srodata.cst8)
 *(.srodata.cst4)
 *(.srodata.cst2)
 *(.srodata .srodata.*)
                0x20000000                        . = ALIGN (0x4)
                0x20000000                        PROVIDE (_edata = .)

.bss            0x20000000        0x0 load address 0x00000280
                0x20000000                        . = ALIGN (0x4)
                0x20000000                        PROVIDE (_sbss = .)
 *(.sbss*)
 *(.gnu.linkonce.sb.*)
 *(.bss*)
 *(.gnu.linkonce.b.*)
 *(COMMON*)
                0x20000000                        . = ALIGN (0x4)
                0x20000000                        PROVIDE (_ebss = .)
                [!provide]                        PROVIDE (_end = _ebss)
                [!provide]                        PROVIDE (end = .)
                0x20005000                        PROVIDE (_eusrstack = (ORIGIN (RAM) + LENGTH (RAM)))

/DISCARD/
 *(.note .note.*)
 *(.eh_frame .eh_frame.*)
 *(.comment .comment.*)
 *(.ARM.extab* .gnu.linkonce.armextab.*)
 *(.ARM.exidx*)
OUTPUT(6502_flashprog.elf elf32-littleriscv)

.riscv.attributes
                0x00000000       0x4b
 .riscv.attributes
                0x00000000       0x4b /var/folders/lq/f0xchxjj48v210srtw7fpv1w0000gn/T//ccUK9xUE.ltrans0.ltrans.o

.debug_info     0x00000000     0x225e
 .debug_info    0x00000000      0xf6a /var/folders/lq/f0xchxjj48v210srtw7fpv1w0000gn/T//ccUK9xUE.ltrans0.ltrans.o
 .debug_info    0x00000f6a     0x107a /var/folders/lq/f0xchxjj48v210srtw7fpv1w0000gn/T//ccdbbnz1.debug.temp.o
                0x00000f6a                ch32fun.c.ce68a4cb
 .debug_info    0x00001fe4      0x27a /var/folders/lq/f0xchxjj48v210srtw7fpv1w0000gn/T//ccHphJyL.debug.temp.o
                0x00001fe4                g6502_flashprog.c.a4e91263

.debug_abbrev   0x00000000      0x4fd
 .debug_abbrev  0x00000000      0x18f /var/folders/lq/f0xchxjj48v210srtw7fpv1w0000gn/T//ccUK9xUE.ltrans0.ltrans.o
 .debug_abbrev  0x0000018f      0x258 /var/folders/lq/f0xchxjj48v210srtw7fpv1w0000gn/T//ccdbbnz1.debug.temp.o
 .debug_abbrev  0x000003e7      0x116 /var/folders/lq/f0xchxjj48v210srtw7fpv1w0000gn/T//ccHphJyL.debug.temp.o

.debug_loclists
                0x00000000     0x13f3
 .debug_loclists
                0x00000000     0x13f3 /var/folders/lq/f0xchxjj48v210srtw7fpv1w0000gn/T//ccUK9xUE.ltrans0.ltrans.o

.debug_aranges  0x00000000      0x148
 .debug_aranges
                0x00000000      0x148 /var/folders/lq/f0xchxjj48v210srtw7fpv1w0000gn/T//ccUK9xUE.ltrans0.ltrans.o

.debug_rnglists
                0x00000000      0x1e1
 .debug_rnglists
                0x00000000      0x1e1 /var/folders/lq/f0xchxjj48v210srtw7fpv1w0000gn/T//ccUK9xUE.ltrans0.ltrans.o

.debug_line     0x00000000     0x26b1
 .debug_line    0x00000000     0x25e5 /var/folders/lq/f0xchxjj48v210srtw7fpv1w0000gn/T//ccUK9xUE.ltrans0.ltrans.o
 .debug_line    0x000025e5       0x76 /var/folders/lq/f0xchxjj48v210srtw7fpv1w0000gn/T//ccdbbnz1.debug.temp.o
 .debug_line    0x0000265b       0x56 /var/folders/lq/f0xchxjj48v210srtw7fpv1w0000gn/T//ccHphJyL.debug.temp.o

.debug_str      0x00000000      0x80c
 .debug_str     0x00000000      0x80c /var/folders/lq/f0xchxjj48v210srtw7fpv1w0000gn/T//ccUK9xUE.ltrans0.ltrans.o
                                0x183 (size before relaxing)
 .debug_str     0x0000080c      0x6cf /var/folders/lq/f0xchxjj48v210srtw7fpv1w0000gn/T//ccdbbnz1.debug.temp.o
 .debug_str     0x0000080c      0x277 /var/folders/lq/f0xchxjj48v210srtw7fpv1w0000gn/T//ccHphJyL.debug.temp.o

.debug_line_str
                0x00000000      0x241
 .debug_line_str
                0x00000000      0x241 /var/folders/lq/f0xchxjj48v210srtw7fpv1w0000gn/T//ccUK9xUE.ltrans0.ltrans.o
                                0x145 (size before relaxing)
 .debug_line_str
                0x00000241      0x222 /var/folders/lq/f0xchxjj48v210srtw7fpv1w0000gn/T//ccdbbnz1.debug.temp.o
 .debug_line_str
                0x00000241      0x137 /var/folders/lq/f0xchxjj48v210srtw7fpv1w0000gn/T//ccHphJyL.debug.temp.o

.debug_frame    0x00000000      0x3e8
 .debug_frame   0x00000000      0x3e8 /var/folders/lq/f0xchxjj48v210srtw7fpv1w0000gn/T//ccUK9xUE.ltrans0.ltrans.o
